--- "E:\\github\\fb-react-native-forpatch-base\\Libraries\\Components\\Touchable\\__tests__\\__snapshots__\\TouchableHighlight-test.js.snap"	2020-01-30 13:55:47.883607600 -0800
+++ "E:\\github\\ms-react-native-forpatch\\Libraries\\Components\\Touchable\\__tests__\\__snapshots__\\TouchableHighlight-test.js.snap"	2020-01-29 14:10:08.875882800 -0800
@@ -2,8 +2,10 @@
 
 exports[`TouchableHighlight renders correctly 1`] = `
 <View
+  acceptsKeyboardFocus={true}
   accessible={true}
   clickable={false}
+  enableFocusRing={true}
   isTVSelectable={true}
   onClick={[Function]}
   onResponderGrant={[Function]}
