diff --git "a/E:\\github\\fb-react-native-forpatch-base\\Libraries\\Components\\Touchable\\__tests__\\__snapshots__\\TouchableHighlight-test.js.snap" "b/E:\\github\\ms-react-native-forpatch\\Libraries\\Components\\Touchable\\__tests__\\__snapshots__\\TouchableHighlight-test.js.snap"
index 00b32ee..883d311 100644
--- "a/E:\\github\\fb-react-native-forpatch-base\\Libraries\\Components\\Touchable\\__tests__\\__snapshots__\\TouchableHighlight-test.js.snap"
+++ "b/E:\\github\\ms-react-native-forpatch\\Libraries\\Components\\Touchable\\__tests__\\__snapshots__\\TouchableHighlight-test.js.snap"
@@ -2,8 +2,10 @@
 
 exports[`TouchableHighlight renders correctly 1`] = `
 <View
+  acceptsKeyboardFocus={true}
   accessible={true}
   clickable={false}
+  enableFocusRing={true}
   isTVSelectable={true}
   onClick={[Function]}
   onResponderGrant={[Function]}
