diff --git "a/E:\\github\\fb-react-native-forpatch-base\\Libraries\\Lists\\__tests__\\__snapshots__\\VirtualizedList-test.js.snap" "b/E:\\github\\ms-react-native-forpatch\\Libraries\\Lists\\__tests__\\__snapshots__\\VirtualizedList-test.js.snap"
index 2ae2332..0577998 100644
--- "a/E:\\github\\fb-react-native-forpatch-base\\Libraries\\Lists\\__tests__\\__snapshots__\\VirtualizedList-test.js.snap"
+++ "b/E:\\github\\ms-react-native-forpatch\\Libraries\\Lists\\__tests__\\__snapshots__\\VirtualizedList-test.js.snap"
@@ -26,6 +26,7 @@ exports[`VirtualizedList handles nested lists 1`] = `
   onScroll={[Function]}
   onScrollBeginDrag={[Function]}
   onScrollEndDrag={[Function]}
+  onScrollKeyDown={null}
   renderItem={[Function]}
   scrollEventThrottle={50}
   stickyHeaderIndices={Array []}
@@ -115,6 +116,7 @@ exports[`VirtualizedList handles nested lists 1`] = `
         onScroll={[Function]}
         onScrollBeginDrag={[Function]}
         onScrollEndDrag={[Function]}
+        onScrollKeyDown={null}
         renderItem={[Function]}
         scrollEventThrottle={50}
         stickyHeaderIndices={Array []}
@@ -189,6 +191,7 @@ exports[`VirtualizedList handles separators correctly 1`] = `
   onScroll={[Function]}
   onScrollBeginDrag={[Function]}
   onScrollEndDrag={[Function]}
+  onScrollKeyDown={null}
   renderItem={[Function]}
   scrollEventThrottle={50}
   stickyHeaderIndices={Array []}
@@ -270,6 +273,7 @@ exports[`VirtualizedList handles separators correctly 2`] = `
   onScroll={[Function]}
   onScrollBeginDrag={[Function]}
   onScrollEndDrag={[Function]}
+  onScrollKeyDown={null}
   renderItem={[Function]}
   scrollEventThrottle={50}
   stickyHeaderIndices={Array []}
@@ -351,6 +355,7 @@ exports[`VirtualizedList handles separators correctly 3`] = `
   onScroll={[Function]}
   onScrollBeginDrag={[Function]}
   onScrollEndDrag={[Function]}
+  onScrollKeyDown={null}
   renderItem={[Function]}
   scrollEventThrottle={50}
   stickyHeaderIndices={Array []}
@@ -446,6 +451,7 @@ exports[`VirtualizedList renders all the bells and whistles 1`] = `
   onScroll={[Function]}
   onScrollBeginDrag={[Function]}
   onScrollEndDrag={[Function]}
+  onScrollKeyDown={null}
   refreshControl={
     <RefreshControlMock
       onRefresh={[MockFunction]}
@@ -626,6 +632,7 @@ exports[`VirtualizedList renders empty list 1`] = `
   onScroll={[Function]}
   onScrollBeginDrag={[Function]}
   onScrollEndDrag={[Function]}
+  onScrollKeyDown={null}
   renderItem={[Function]}
   scrollEventThrottle={50}
   stickyHeaderIndices={Array []}
@@ -656,6 +663,7 @@ exports[`VirtualizedList renders empty list with empty component 1`] = `
   onScroll={[Function]}
   onScrollBeginDrag={[Function]}
   onScrollEndDrag={[Function]}
+  onScrollKeyDown={null}
   renderItem={[Function]}
   scrollEventThrottle={50}
   stickyHeaderIndices={Array []}
@@ -702,6 +710,7 @@ exports[`VirtualizedList renders list with empty component 1`] = `
   onScroll={[Function]}
   onScrollBeginDrag={[Function]}
   onScrollEndDrag={[Function]}
+  onScrollKeyDown={null}
   renderItem={[Function]}
   scrollEventThrottle={50}
   stickyHeaderIndices={Array []}
@@ -737,6 +746,7 @@ exports[`VirtualizedList renders null list 1`] = `
   onScroll={[Function]}
   onScrollBeginDrag={[Function]}
   onScrollEndDrag={[Function]}
+  onScrollKeyDown={null}
   renderItem={[Function]}
   scrollEventThrottle={50}
   stickyHeaderIndices={Array []}
@@ -776,6 +786,7 @@ exports[`VirtualizedList renders simple list 1`] = `
   onScroll={[Function]}
   onScrollBeginDrag={[Function]}
   onScrollEndDrag={[Function]}
+  onScrollKeyDown={null}
   renderItem={[Function]}
   scrollEventThrottle={50}
   stickyHeaderIndices={Array []}
@@ -834,6 +845,7 @@ exports[`VirtualizedList test getItem functionality where data is not an Array 1
   onScroll={[Function]}
   onScrollBeginDrag={[Function]}
   onScrollEndDrag={[Function]}
+  onScrollKeyDown={null}
   renderItem={[Function]}
   scrollEventThrottle={50}
   stickyHeaderIndices={Array []}
