diff --git a/E:/github/ms-react-native-forpatch/Libraries/Lists/__tests__/__snapshots__/FlatList-test.js.snap b/E:/github/fb-react-native-forpatch/Libraries/Lists/__tests__/__snapshots__/FlatList-test.js.snap
index a803418ba..5b2c34d48 100644
--- a/E:/github/ms-react-native-forpatch/Libraries/Lists/__tests__/__snapshots__/FlatList-test.js.snap
+++ b/E:/github/fb-react-native-forpatch/Libraries/Lists/__tests__/__snapshots__/FlatList-test.js.snap
@@ -42,7 +42,6 @@ exports[`FlatList renders all the bells and whistles 1`] = `
   onScroll={[Function]}
   onScrollBeginDrag={[Function]}
   onScrollEndDrag={[Function]}
-  onScrollKeyDown={null}
   refreshControl={
     <RefreshControlMock
       onRefresh={[MockFunction]}
@@ -145,7 +144,6 @@ exports[`FlatList renders empty list 1`] = `
   onScroll={[Function]}
   onScrollBeginDrag={[Function]}
   onScrollEndDrag={[Function]}
-  onScrollKeyDown={null}
   removeClippedSubviews={false}
   renderItem={[Function]}
   scrollEventThrottle={50}
@@ -175,7 +173,6 @@ exports[`FlatList renders null list 1`] = `
   onScroll={[Function]}
   onScrollBeginDrag={[Function]}
   onScrollEndDrag={[Function]}
-  onScrollKeyDown={null}
   removeClippedSubviews={false}
   renderItem={[Function]}
   scrollEventThrottle={50}
@@ -218,7 +215,6 @@ exports[`FlatList renders simple list 1`] = `
   onScroll={[Function]}
   onScrollBeginDrag={[Function]}
   onScrollEndDrag={[Function]}
-  onScrollKeyDown={null}
   removeClippedSubviews={false}
   renderItem={[Function]}
   scrollEventThrottle={50}
