diff --git a/E:/github/ms-react-native-forpatch/Libraries/Lists/__tests__/__snapshots__/VirtualizedSectionList-test.js.snap b/E:/github/fb-react-native-forpatch/Libraries/Lists/__tests__/__snapshots__/VirtualizedSectionList-test.js.snap
index 1741cb779..3d737ada2 100644
--- a/E:/github/ms-react-native-forpatch/Libraries/Lists/__tests__/__snapshots__/VirtualizedSectionList-test.js.snap
+++ b/E:/github/fb-react-native-forpatch/Libraries/Lists/__tests__/__snapshots__/VirtualizedSectionList-test.js.snap
@@ -31,11 +31,8 @@ exports[`VirtualizedSectionList handles nested lists 1`] = `
   onScroll={[Function]}
   onScrollBeginDrag={[Function]}
   onScrollEndDrag={[Function]}
-  onScrollKeyDown={null}
   renderItem={[Function]}
-  rowIndex={-1}
   scrollEventThrottle={50}
-  sectionIndex={0}
   sections={
     Array [
       Object {
@@ -94,11 +91,8 @@ exports[`VirtualizedSectionList handles nested lists 1`] = `
         onScroll={[Function]}
         onScrollBeginDrag={[Function]}
         onScrollEndDrag={[Function]}
-        onScrollKeyDown={null}
         renderItem={[Function]}
-        rowIndex={-1}
         scrollEventThrottle={50}
-        sectionIndex={0}
         sections={
           Array [
             Object {
@@ -178,11 +172,8 @@ exports[`VirtualizedSectionList handles nested lists 1`] = `
         onScroll={[Function]}
         onScrollBeginDrag={[Function]}
         onScrollEndDrag={[Function]}
-        onScrollKeyDown={null}
         renderItem={[Function]}
-        rowIndex={-1}
         scrollEventThrottle={50}
-        sectionIndex={0}
         sections={
           Array [
             Object {
@@ -300,11 +291,8 @@ exports[`VirtualizedSectionList handles separators correctly 1`] = `
   onScroll={[Function]}
   onScrollBeginDrag={[Function]}
   onScrollEndDrag={[Function]}
-  onScrollKeyDown={null}
   renderItem={[Function]}
-  rowIndex={-1}
   scrollEventThrottle={50}
-  sectionIndex={0}
   sections={
     Array [
       Object {
@@ -460,11 +448,8 @@ exports[`VirtualizedSectionList handles separators correctly 2`] = `
   onScroll={[Function]}
   onScrollBeginDrag={[Function]}
   onScrollEndDrag={[Function]}
-  onScrollKeyDown={null}
   renderItem={[Function]}
-  rowIndex={-1}
   scrollEventThrottle={50}
-  sectionIndex={0}
   sections={
     Array [
       Object {
@@ -620,11 +605,8 @@ exports[`VirtualizedSectionList handles separators correctly 3`] = `
   onScroll={[Function]}
   onScrollBeginDrag={[Function]}
   onScrollEndDrag={[Function]}
-  onScrollKeyDown={null}
   renderItem={[Function]}
-  rowIndex={-1}
   scrollEventThrottle={50}
-  sectionIndex={0}
   sections={
     Array [
       Object {
@@ -794,7 +776,6 @@ exports[`VirtualizedSectionList renders all the bells and whistles 1`] = `
   onScroll={[Function]}
   onScrollBeginDrag={[Function]}
   onScrollEndDrag={[Function]}
-  onScrollKeyDown={null}
   refreshControl={
     <RefreshControlMock
       onRefresh={[MockFunction]}
@@ -803,9 +784,7 @@ exports[`VirtualizedSectionList renders all the bells and whistles 1`] = `
   }
   refreshing={false}
   renderItem={[Function]}
-  rowIndex={-1}
   scrollEventThrottle={50}
-  sectionIndex={0}
   sections={
     Array [
       Object {
@@ -1041,11 +1020,8 @@ exports[`VirtualizedSectionList renders empty list 1`] = `
   onScroll={[Function]}
   onScrollBeginDrag={[Function]}
   onScrollEndDrag={[Function]}
-  onScrollKeyDown={null}
   renderItem={[Function]}
-  rowIndex={-1}
   scrollEventThrottle={50}
-  sectionIndex={0}
   sections={Array []}
   stickyHeaderIndices={Array []}
   updateCellsBatchingPeriod={50}
@@ -1075,11 +1051,8 @@ exports[`VirtualizedSectionList renders empty list with empty component 1`] = `
   onScroll={[Function]}
   onScrollBeginDrag={[Function]}
   onScrollEndDrag={[Function]}
-  onScrollKeyDown={null}
   renderItem={[Function]}
-  rowIndex={-1}
   scrollEventThrottle={50}
-  sectionIndex={0}
   sections={Array []}
   stickyHeaderIndices={Array []}
   updateCellsBatchingPeriod={50}
@@ -1130,11 +1103,8 @@ exports[`VirtualizedSectionList renders list with empty component 1`] = `
   onScroll={[Function]}
   onScrollBeginDrag={[Function]}
   onScrollEndDrag={[Function]}
-  onScrollKeyDown={null}
   renderItem={[Function]}
-  rowIndex={-1}
   scrollEventThrottle={50}
-  sectionIndex={0}
   sections={
     Array [
       Object {
@@ -1188,11 +1158,8 @@ exports[`VirtualizedSectionList renders null list 1`] = `
   onScroll={[Function]}
   onScrollBeginDrag={[Function]}
   onScrollEndDrag={[Function]}
-  onScrollKeyDown={null}
   renderItem={[Function]}
-  rowIndex={-1}
   scrollEventThrottle={50}
-  sectionIndex={0}
   stickyHeaderIndices={Array []}
   updateCellsBatchingPeriod={50}
   windowSize={21}
@@ -1235,11 +1202,8 @@ exports[`VirtualizedSectionList renders simple list 1`] = `
   onScroll={[Function]}
   onScrollBeginDrag={[Function]}
   onScrollEndDrag={[Function]}
-  onScrollKeyDown={null}
   renderItem={[Function]}
-  rowIndex={-1}
   scrollEventThrottle={50}
-  sectionIndex={0}
   sections={
     Array [
       Object {
