diff --git a/E:/github/ms-react-native-forpatch/Libraries/Lists/__tests__/__snapshots__/VirtualizedList-test.js.snap b/E:/github/fb-react-native-forpatch/Libraries/Lists/__tests__/__snapshots__/VirtualizedList-test.js.snap
index 057799876..2ae233201 100644
--- a/E:/github/ms-react-native-forpatch/Libraries/Lists/__tests__/__snapshots__/VirtualizedList-test.js.snap
+++ b/E:/github/fb-react-native-forpatch/Libraries/Lists/__tests__/__snapshots__/VirtualizedList-test.js.snap
@@ -26,7 +26,6 @@ exports[`VirtualizedList handles nested lists 1`] = `
   onScroll={[Function]}
   onScrollBeginDrag={[Function]}
   onScrollEndDrag={[Function]}
-  onScrollKeyDown={null}
   renderItem={[Function]}
   scrollEventThrottle={50}
   stickyHeaderIndices={Array []}
@@ -116,7 +115,6 @@ exports[`VirtualizedList handles nested lists 1`] = `
         onScroll={[Function]}
         onScrollBeginDrag={[Function]}
         onScrollEndDrag={[Function]}
-        onScrollKeyDown={null}
         renderItem={[Function]}
         scrollEventThrottle={50}
         stickyHeaderIndices={Array []}
@@ -191,7 +189,6 @@ exports[`VirtualizedList handles separators correctly 1`] = `
   onScroll={[Function]}
   onScrollBeginDrag={[Function]}
   onScrollEndDrag={[Function]}
-  onScrollKeyDown={null}
   renderItem={[Function]}
   scrollEventThrottle={50}
   stickyHeaderIndices={Array []}
@@ -273,7 +270,6 @@ exports[`VirtualizedList handles separators correctly 2`] = `
   onScroll={[Function]}
   onScrollBeginDrag={[Function]}
   onScrollEndDrag={[Function]}
-  onScrollKeyDown={null}
   renderItem={[Function]}
   scrollEventThrottle={50}
   stickyHeaderIndices={Array []}
@@ -355,7 +351,6 @@ exports[`VirtualizedList handles separators correctly 3`] = `
   onScroll={[Function]}
   onScrollBeginDrag={[Function]}
   onScrollEndDrag={[Function]}
-  onScrollKeyDown={null}
   renderItem={[Function]}
   scrollEventThrottle={50}
   stickyHeaderIndices={Array []}
@@ -451,7 +446,6 @@ exports[`VirtualizedList renders all the bells and whistles 1`] = `
   onScroll={[Function]}
   onScrollBeginDrag={[Function]}
   onScrollEndDrag={[Function]}
-  onScrollKeyDown={null}
   refreshControl={
     <RefreshControlMock
       onRefresh={[MockFunction]}
@@ -632,7 +626,6 @@ exports[`VirtualizedList renders empty list 1`] = `
   onScroll={[Function]}
   onScrollBeginDrag={[Function]}
   onScrollEndDrag={[Function]}
-  onScrollKeyDown={null}
   renderItem={[Function]}
   scrollEventThrottle={50}
   stickyHeaderIndices={Array []}
@@ -663,7 +656,6 @@ exports[`VirtualizedList renders empty list with empty component 1`] = `
   onScroll={[Function]}
   onScrollBeginDrag={[Function]}
   onScrollEndDrag={[Function]}
-  onScrollKeyDown={null}
   renderItem={[Function]}
   scrollEventThrottle={50}
   stickyHeaderIndices={Array []}
@@ -710,7 +702,6 @@ exports[`VirtualizedList renders list with empty component 1`] = `
   onScroll={[Function]}
   onScrollBeginDrag={[Function]}
   onScrollEndDrag={[Function]}
-  onScrollKeyDown={null}
   renderItem={[Function]}
   scrollEventThrottle={50}
   stickyHeaderIndices={Array []}
@@ -746,7 +737,6 @@ exports[`VirtualizedList renders null list 1`] = `
   onScroll={[Function]}
   onScrollBeginDrag={[Function]}
   onScrollEndDrag={[Function]}
-  onScrollKeyDown={null}
   renderItem={[Function]}
   scrollEventThrottle={50}
   stickyHeaderIndices={Array []}
@@ -786,7 +776,6 @@ exports[`VirtualizedList renders simple list 1`] = `
   onScroll={[Function]}
   onScrollBeginDrag={[Function]}
   onScrollEndDrag={[Function]}
-  onScrollKeyDown={null}
   renderItem={[Function]}
   scrollEventThrottle={50}
   stickyHeaderIndices={Array []}
@@ -845,7 +834,6 @@ exports[`VirtualizedList test getItem functionality where data is not an Array 1
   onScroll={[Function]}
   onScrollBeginDrag={[Function]}
   onScrollEndDrag={[Function]}
-  onScrollKeyDown={null}
   renderItem={[Function]}
   scrollEventThrottle={50}
   stickyHeaderIndices={Array []}
