--- "e:\\github\\fb-react-native-forpatch-base\\Libraries\\Lists\\__tests__\\__snapshots__\\FlatList-test.js.snap"	2020-01-30 13:55:47.929607700 -0800
+++ "e:\\github\\ms-react-native-forpatch\\Libraries\\Lists\\__tests__\\__snapshots__\\FlatList-test.js.snap"	2020-01-29 14:10:08.929884000 -0800
@@ -42,6 +42,7 @@
   onScroll={[Function]}
   onScrollBeginDrag={[Function]}
   onScrollEndDrag={[Function]}
+  onScrollKeyDown={null}
   refreshControl={
     <RefreshControlMock
       onRefresh={[MockFunction]}
@@ -144,6 +145,7 @@
   onScroll={[Function]}
   onScrollBeginDrag={[Function]}
   onScrollEndDrag={[Function]}
+  onScrollKeyDown={null}
   removeClippedSubviews={false}
   renderItem={[Function]}
   scrollEventThrottle={50}
@@ -173,6 +175,7 @@
   onScroll={[Function]}
   onScrollBeginDrag={[Function]}
   onScrollEndDrag={[Function]}
+  onScrollKeyDown={null}
   removeClippedSubviews={false}
   renderItem={[Function]}
   scrollEventThrottle={50}
@@ -215,6 +218,7 @@
   onScroll={[Function]}
   onScrollBeginDrag={[Function]}
   onScrollEndDrag={[Function]}
+  onScrollKeyDown={null}
   removeClippedSubviews={false}
   renderItem={[Function]}
   scrollEventThrottle={50}
