--- "e:\\github\\fb-react-native-forpatch-base\\Libraries\\Lists\\__tests__\\__snapshots__\\VirtualizedSectionList-test.js.snap"	2020-01-30 13:55:47.930608300 -0800
+++ "e:\\github\\ms-react-native-forpatch\\Libraries\\Lists\\__tests__\\__snapshots__\\VirtualizedSectionList-test.js.snap"	2020-01-29 14:10:08.930882900 -0800
@@ -31,8 +31,11 @@
   onScroll={[Function]}
   onScrollBeginDrag={[Function]}
   onScrollEndDrag={[Function]}
+  onScrollKeyDown={null}
   renderItem={[Function]}
+  rowIndex={-1}
   scrollEventThrottle={50}
+  sectionIndex={0}
   sections={
     Array [
       Object {
@@ -91,8 +94,11 @@
         onScroll={[Function]}
         onScrollBeginDrag={[Function]}
         onScrollEndDrag={[Function]}
+        onScrollKeyDown={null}
         renderItem={[Function]}
+        rowIndex={-1}
         scrollEventThrottle={50}
+        sectionIndex={0}
         sections={
           Array [
             Object {
@@ -172,8 +178,11 @@
         onScroll={[Function]}
         onScrollBeginDrag={[Function]}
         onScrollEndDrag={[Function]}
+        onScrollKeyDown={null}
         renderItem={[Function]}
+        rowIndex={-1}
         scrollEventThrottle={50}
+        sectionIndex={0}
         sections={
           Array [
             Object {
@@ -291,8 +300,11 @@
   onScroll={[Function]}
   onScrollBeginDrag={[Function]}
   onScrollEndDrag={[Function]}
+  onScrollKeyDown={null}
   renderItem={[Function]}
+  rowIndex={-1}
   scrollEventThrottle={50}
+  sectionIndex={0}
   sections={
     Array [
       Object {
@@ -448,8 +460,11 @@
   onScroll={[Function]}
   onScrollBeginDrag={[Function]}
   onScrollEndDrag={[Function]}
+  onScrollKeyDown={null}
   renderItem={[Function]}
+  rowIndex={-1}
   scrollEventThrottle={50}
+  sectionIndex={0}
   sections={
     Array [
       Object {
@@ -605,8 +620,11 @@
   onScroll={[Function]}
   onScrollBeginDrag={[Function]}
   onScrollEndDrag={[Function]}
+  onScrollKeyDown={null}
   renderItem={[Function]}
+  rowIndex={-1}
   scrollEventThrottle={50}
+  sectionIndex={0}
   sections={
     Array [
       Object {
@@ -776,6 +794,7 @@
   onScroll={[Function]}
   onScrollBeginDrag={[Function]}
   onScrollEndDrag={[Function]}
+  onScrollKeyDown={null}
   refreshControl={
     <RefreshControlMock
       onRefresh={[MockFunction]}
@@ -784,7 +803,9 @@
   }
   refreshing={false}
   renderItem={[Function]}
+  rowIndex={-1}
   scrollEventThrottle={50}
+  sectionIndex={0}
   sections={
     Array [
       Object {
@@ -1020,8 +1041,11 @@
   onScroll={[Function]}
   onScrollBeginDrag={[Function]}
   onScrollEndDrag={[Function]}
+  onScrollKeyDown={null}
   renderItem={[Function]}
+  rowIndex={-1}
   scrollEventThrottle={50}
+  sectionIndex={0}
   sections={Array []}
   stickyHeaderIndices={Array []}
   updateCellsBatchingPeriod={50}
@@ -1051,8 +1075,11 @@
   onScroll={[Function]}
   onScrollBeginDrag={[Function]}
   onScrollEndDrag={[Function]}
+  onScrollKeyDown={null}
   renderItem={[Function]}
+  rowIndex={-1}
   scrollEventThrottle={50}
+  sectionIndex={0}
   sections={Array []}
   stickyHeaderIndices={Array []}
   updateCellsBatchingPeriod={50}
@@ -1103,8 +1130,11 @@
   onScroll={[Function]}
   onScrollBeginDrag={[Function]}
   onScrollEndDrag={[Function]}
+  onScrollKeyDown={null}
   renderItem={[Function]}
+  rowIndex={-1}
   scrollEventThrottle={50}
+  sectionIndex={0}
   sections={
     Array [
       Object {
@@ -1158,8 +1188,11 @@
   onScroll={[Function]}
   onScrollBeginDrag={[Function]}
   onScrollEndDrag={[Function]}
+  onScrollKeyDown={null}
   renderItem={[Function]}
+  rowIndex={-1}
   scrollEventThrottle={50}
+  sectionIndex={0}
   stickyHeaderIndices={Array []}
   updateCellsBatchingPeriod={50}
   windowSize={21}
@@ -1202,8 +1235,11 @@
   onScroll={[Function]}
   onScrollBeginDrag={[Function]}
   onScrollEndDrag={[Function]}
+  onScrollKeyDown={null}
   renderItem={[Function]}
+  rowIndex={-1}
   scrollEventThrottle={50}
+  sectionIndex={0}
   sections={
     Array [
       Object {
